Archive member included to satisfy reference by file (symbol)

/usr/local/lpcxpresso_8.2.2_650/lpcxpresso/tools/bin/../lib/gcc/arm-none-eabi/5.4.1/../../../../arm-none-eabi/lib/armv7-m/libcr_nohost.a(_cr__main.o)
                              ./drivers_lpc1769/src/cr_startup_lpc175x_6x.o (__main)
/usr/local/lpcxpresso_8.2.2_650/lpcxpresso/tools/bin/../lib/gcc/arm-none-eabi/5.4.1/../../../../arm-none-eabi/lib/armv7-m/libcr_c.a(fpprintf.o)
                              ./aplicacion/src/AP_Controlador.o (sprintf)
/usr/local/lpcxpresso_8.2.2_650/lpcxpresso/tools/bin/../lib/gcc/arm-none-eabi/5.4.1/../../../../arm-none-eabi/lib/armv7-m/libcr_c.a(initio.o)
                              /usr/local/lpcxpresso_8.2.2_650/lpcxpresso/tools/bin/../lib/gcc/arm-none-eabi/5.4.1/../../../../arm-none-eabi/lib/armv7-m/libcr_nohost.a(_cr__main.o) (_initio)
/usr/local/lpcxpresso_8.2.2_650/lpcxpresso/tools/bin/../lib/gcc/arm-none-eabi/5.4.1/../../../../arm-none-eabi/lib/armv7-m/libcr_c.a(printf.o)
                              /usr/local/lpcxpresso_8.2.2_650/lpcxpresso/tools/bin/../lib/gcc/arm-none-eabi/5.4.1/../../../../arm-none-eabi/lib/armv7-m/libcr_c.a(fpprintf.o) (__vfprintf)
/usr/local/lpcxpresso_8.2.2_650/lpcxpresso/tools/bin/../lib/gcc/arm-none-eabi/5.4.1/../../../../arm-none-eabi/lib/armv7-m/libcr_c.a(setvbuf.o)
                              /usr/local/lpcxpresso_8.2.2_650/lpcxpresso/tools/bin/../lib/gcc/arm-none-eabi/5.4.1/../../../../arm-none-eabi/lib/armv7-m/libcr_c.a(initio.o) (setvbuf)
/usr/local/lpcxpresso_8.2.2_650/lpcxpresso/tools/bin/../lib/gcc/arm-none-eabi/5.4.1/../../../../arm-none-eabi/lib/armv7-m/libcr_c.a(stdio.o)
                              /usr/local/lpcxpresso_8.2.2_650/lpcxpresso/tools/bin/../lib/gcc/arm-none-eabi/5.4.1/../../../../arm-none-eabi/lib/armv7-m/libcr_c.a(fpprintf.o) (__Ciob)
/usr/local/lpcxpresso_8.2.2_650/lpcxpresso/tools/bin/../lib/gcc/arm-none-eabi/5.4.1/../../../../arm-none-eabi/lib/armv7-m/libcr_c.a(strlen.o)
                              /usr/local/lpcxpresso_8.2.2_650/lpcxpresso/tools/bin/../lib/gcc/arm-none-eabi/5.4.1/../../../../arm-none-eabi/lib/armv7-m/libcr_c.a(printf.o) (strlen)
/usr/local/lpcxpresso_8.2.2_650/lpcxpresso/tools/bin/../lib/gcc/arm-none-eabi/5.4.1/../../../../arm-none-eabi/lib/armv7-m/libcr_c.a(memset.o)
                              /usr/local/lpcxpresso_8.2.2_650/lpcxpresso/tools/bin/../lib/gcc/arm-none-eabi/5.4.1/../../../../arm-none-eabi/lib/armv7-m/libcr_c.a(fpprintf.o) (memset)
/usr/local/lpcxpresso_8.2.2_650/lpcxpresso/tools/bin/../lib/gcc/arm-none-eabi/5.4.1/../../../../arm-none-eabi/lib/armv7-m/libcr_c.a(__fillbuf.o)
                              /usr/local/lpcxpresso_8.2.2_650/lpcxpresso/tools/bin/../lib/gcc/arm-none-eabi/5.4.1/../../../../arm-none-eabi/lib/armv7-m/libcr_c.a(stdio.o) (__filbuf)
/usr/local/lpcxpresso_8.2.2_650/lpcxpresso/tools/bin/../lib/gcc/arm-none-eabi/5.4.1/../../../../arm-none-eabi/lib/armv7-m/libcr_c.a(_deferredlazyseek.o)
                              /usr/local/lpcxpresso_8.2.2_650/lpcxpresso/tools/bin/../lib/gcc/arm-none-eabi/5.4.1/../../../../arm-none-eabi/lib/armv7-m/libcr_c.a(__fillbuf.o) (_deferredlazyseek)
/usr/local/lpcxpresso_8.2.2_650/lpcxpresso/tools/bin/../lib/gcc/arm-none-eabi/5.4.1/../../../../arm-none-eabi/lib/armv7-m/libcr_c.a(_fdopen.o)
                              /usr/local/lpcxpresso_8.2.2_650/lpcxpresso/tools/bin/../lib/gcc/arm-none-eabi/5.4.1/../../../../arm-none-eabi/lib/armv7-m/libcr_c.a(initio.o) (_fdopen)
/usr/local/lpcxpresso_8.2.2_650/lpcxpresso/tools/bin/../lib/gcc/arm-none-eabi/5.4.1/../../../../arm-none-eabi/lib/armv7-m/libcr_c.a(_fflush.o)
                              /usr/local/lpcxpresso_8.2.2_650/lpcxpresso/tools/bin/../lib/gcc/arm-none-eabi/5.4.1/../../../../arm-none-eabi/lib/armv7-m/libcr_c.a(__fillbuf.o) (_fflush)
/usr/local/lpcxpresso_8.2.2_650/lpcxpresso/tools/bin/../lib/gcc/arm-none-eabi/5.4.1/../../../../arm-none-eabi/lib/armv7-m/libcr_c.a(_frexpl.o)
                              /usr/local/lpcxpresso_8.2.2_650/lpcxpresso/tools/bin/../lib/gcc/arm-none-eabi/5.4.1/../../../../arm-none-eabi/lib/armv7-m/libcr_c.a(fpprintf.o) (_frexpl)
/usr/local/lpcxpresso_8.2.2_650/lpcxpresso/tools/bin/../lib/gcc/arm-none-eabi/5.4.1/../../../../arm-none-eabi/lib/armv7-m/libcr_c.a(_ldexpl.o)
                              /usr/local/lpcxpresso_8.2.2_650/lpcxpresso/tools/bin/../lib/gcc/arm-none-eabi/5.4.1/../../../../arm-none-eabi/lib/armv7-m/libcr_c.a(fpprintf.o) (_ldexpl)
/usr/local/lpcxpresso_8.2.2_650/lpcxpresso/tools/bin/../lib/gcc/arm-none-eabi/5.4.1/../../../../arm-none-eabi/lib/armv7-m/libcr_c.a(_writebuf.o)
                              /usr/local/lpcxpresso_8.2.2_650/lpcxpresso/tools/bin/../lib/gcc/arm-none-eabi/5.4.1/../../../../arm-none-eabi/lib/armv7-m/libcr_c.a(_deferredlazyseek.o) (_Cwritebuf)
/usr/local/lpcxpresso_8.2.2_650/lpcxpresso/tools/bin/../lib/gcc/arm-none-eabi/5.4.1/../../../../arm-none-eabi/lib/armv7-m/libcr_c.a(alloc.o)
[...]
Memory Configuration

Name             Origin             Length             Attributes
MFlash512        0x00000000         0x00080000         xr
RamLoc32         0x10000000         0x00008000         xrw
RamAHB32         0x2007c000         0x00008000         xrw
*default*        0x00000000         0xffffffff

Linker script and memory map

LOAD ./primitivas/src/PR_LCD.o
LOAD ./primitivas/src/PR_Serie.o
LOAD ./primitivas/src/PR_Teclado.o
LOAD ./drivers_lpc1769/src/FW_ADC.o
LOAD ./drivers_lpc1769/src/FW_DAC.o
LOAD ./drivers_lpc1769/src/FW_EXTINT.o
LOAD ./drivers_lpc1769/src/FW_GPIO.o
LOAD ./drivers_lpc1769/src/FW_PINSEL.o
LOAD ./drivers_lpc1769/src/FW_SysTick.o
LOAD ./drivers_lpc1769/src/FW_UART.o
LOAD ./drivers_lpc1769/src/cr_startup_lpc175x_6x.o
LOAD ./drivers_lpc1769/src/crp.o
LOAD ./drivers_infotronic/src/FW_IO.o
LOAD ./drivers_infotronic/src/FW_Init.o
LOAD ./drivers_infotronic/src/FW_LCD.o
LOAD ./drivers_infotronic/src/FW_Teclado.o
LOAD ./aplicacion/src/AP_Controlador.o
LOAD ./aplicacion/src/main.o
START GROUP
LOAD /usr/local/lpcxpresso_8.2.2_650/lpcxpresso/tools/bin/../lib/gcc/arm-none-eabi/5.4.1/../../../../arm-none-eabi/lib/armv7-m/libcr_nohost.a
LOAD /usr/local/lpcxpresso_8.2.2_650/lpcxpresso/tools/bin/../lib/gcc/arm-none-eabi/5.4.1/../../../../arm-none-eabi/lib/armv7-m/libcr_c.a
LOAD /usr/local/lpcxpresso_8.2.2_650/lpcxpresso/tools/bin/../lib/gcc/arm-none-eabi/5.4.1/armv7-m/libcr_eabihelpers.a
END GROUP
                0x00000000                __base_MFlash512 = 0x0
                0x00000000                __base_Flash = 0x0
                0x00080000                __top_MFlash512 = 0x80000
                0x00080000                __top_Flash = 0x80000
                0x10000000                __base_RamLoc32 = 0x10000000
                0x10000000                __base_RAM = 0x10000000
                0x10008000                __top_RamLoc32 = 0x10008000
                0x10008000                __top_RAM = 0x10008000
                0x2007c000                __base_RamAHB32 = 0x2007c000
                0x2007c000                __base_RAM2 = 0x2007c000
                0x20084000                __top_RamAHB32 = 0x20084000
                0x20084000                __top_RAM2 = 0x20084000

.text           0x00000000     0x3cd0
 FILL mask 0xff
                0x00000000                __vectors_start__ = ABSOLUTE (.)
 *(.isr_vector)
 .isr_vector    0x00000000       0xcc ./drivers_lpc1769/src/cr_startup_lpc175x_6x.o
                0x00000000                g_pfnVectors
                0x000000cc                . = ALIGN (0x4)
                0x000000cc                __section_table_start = .
                0x000000cc                __data_section_table = .
                0x000000cc        0x4 LONG 0x3cd0 LOADADDR (.data)
                0x000000d0        0x4 LONG 0x10000000 ADDR (.data)
                0x000000d4        0x4 LONG 0x20 SIZEOF (.data)
                0x000000d8        0x4 LONG 0x3cd0 LOADADDR (.data_RAM2)
                0x000000dc        0x4 LONG 0x2007c000 ADDR (.data_RAM2)
                0x000000e0        0x4 LONG 0x0 SIZEOF (.data_RAM2)
                0x000000e4                __data_section_table_end = .
                0x000000e4                __bss_section_table = .
                0x000000e4        0x4 LONG 0x10000020 ADDR (.bss)
                0x000000e8        0x4 LONG 0x4ec SIZEOF (.bss)
                0x000000ec        0x4 LONG 0x2007c000 ADDR (.bss_RAM2)
                0x000000f0        0x4 LONG 0x0 SIZEOF (.bss_RAM2)
                0x000000f4                __bss_section_table_end = .
                0x000000f4                __section_table_end = .
 *(.after_vectors*)
 .after_vectors
                0x000000f4      0x140 ./drivers_lpc1769/src/cr_startup_lpc175x_6x.o
                0x000000f4                data_init
                0x00000138                bss_init
                0x00000170                ResetISR
                0x000001e4                NMI_Handler
                0x000001ec                HardFault_Handler
                0x000001f4                MemManage_Handler
                0x000001fc                BusFault_Handler
                0x00000204                UsageFault_Handler
                0x0000020c                SVC_Handler
                0x00000214                DebugMon_Handler
                0x0000021c                PendSV_Handler
                0x0000022c                TIMER2_IRQHandler
                0x0000022c                RIT_IRQHandler
                0x0000022c                I2C0_IRQHandler
                0x0000022c                USBActivity_IRQHandler
                0x0000022c                PWM1_IRQHandler
                0x0000022c                I2C1_IRQHandler
                0x0000022c                EINT2_IRQHandler
                0x0000022c                UART1_IRQHandler
                0x0000022c                CANActivity_IRQHandler
                0x0000022c                TIMER3_IRQHandler
                0x0000022c                IntDefaultHandler
                0x0000022c                PLL0_IRQHandler
                0x0000022c                CAN_IRQHandler
                0x0000022c                PLL1_IRQHandler
                0x0000022c                SSP0_IRQHandler
                0x0000022c                I2S_IRQHandler
                0x0000022c                I2C2_IRQHandler
                0x0000022c                RTC_IRQHandler
                0x0000022c                TIMER0_IRQHandler
                0x0000022c                SPI_IRQHandler
                0x0000022c                EINT1_IRQHandler
                0x0000022c                TIMER1_IRQHandler
                0x0000022c                UART2_IRQHandler
                0x0000022c                SSP1_IRQHandler
                0x0000022c                USB_IRQHandler
                0x0000022c                BOD_IRQHandler
                0x0000022c                WDT_IRQHandler
                0x0000022c                QEI_IRQHandler
                0x0000022c                DMA_IRQHandler
                0x0000022c                UART3_IRQHandler
                0x0000022c                MCPWM_IRQHandler
                0x0000022c                ENET_IRQHandler
                0x000002fc                . = 0x2fc
 *fill*         0x00000234       0xc8 ff
                0x000002fc                PROVIDE (__CRP_WORD_START__, .)
 *(.crp)
 .crp           0x000002fc        0x4 ./drivers_lpc1769/src/crp.o
                0x000002fc                CRP_WORD
                0x00000300                PROVIDE (__CRP_WORD_END__, .)
                0x00000001                ASSERT (! ((__CRP_WORD_START__ == __CRP_WORD_END__)), Linker CRP Enabled, but no CRP_WORD provided within application)
 *(.text*)
 .text.LCD_DisplayMsg
                0x00000300       0x70 ./primitivas/src/PR_LCD.o
                0x00000300                LCD_DisplayMsg
 .text.PushTx   0x00000370       0x8c ./primitivas/src/PR_Serie.o
                0x00000370                PushTx
 .text.PopTx    0x000003fc       0x74 ./primitivas/src/PR_Serie.o
                0x000003fc                PopTx
 .text.PushRx   0x00000470       0x74 ./primitivas/src/PR_Serie.o
                0x00000470                PushRx
 .text.PopRx    0x000004e4       0x74 ./primitivas/src/PR_Serie.o
                0x000004e4                PopRx
 .text.ADC_Init
                0x00000558       0x7c ./drivers_lpc1769/src/FW_ADC.o
                0x00000558                ADC_Init
 .text.ADC_BurstEnable
                0x000005d4       0x1c ./drivers_lpc1769/src/FW_ADC.o
                0x000005d4                ADC_BurstEnable
 .text.ADC_BurstDisable
                0x000005f0       0x1c ./drivers_lpc1769/src/FW_ADC.o
                0x000005f0                ADC_BurstDisable
 .text.ADC_IRQHandler
                0x0000060c       0xb8 ./drivers_lpc1769/src/FW_ADC.o
                0x0000060c                ADC_IRQHandler
 .text.EINT0_IRQHandler
                0x000006c4       0x28 ./drivers_lpc1769/src/FW_EXTINT.o
                0x000006c4                EINT0_IRQHandler
 .text.EINT3_IRQHandler
                0x000006ec       0x28 ./drivers_lpc1769/src/FW_EXTINT.o
                0x000006ec                EINT3_IRQHandler
 .text.SetDIR   0x00000714       0x60 ./drivers_lpc1769/src/FW_GPIO.o
                0x00000714                SetDIR
 .text.SetPIN   0x00000774       0x68 ./drivers_lpc1769/src/FW_GPIO.o
                0x00000774                SetPIN
 .text.GetPIN   0x000007dc       0x48 ./drivers_lpc1769/src/FW_GPIO.o
                0x000007dc                GetPIN
 .text.SetPINSEL
                0x00000824       0x8c ./drivers_lpc1769/src/FW_PINSEL.o
                0x00000824                SetPINSEL
 .text.SetResistorMode
                0x000008b0       0x80 ./drivers_lpc1769/src/FW_PINSEL.o
                0x000008b0                SetResistorMode
 .text.SysTick_Init
                0x00000930       0x34 ./drivers_lpc1769/src/FW_SysTick.o
                0x00000930                SysTick_Init
 .text.SysTick_Handler
                0x00000964       0x9c ./drivers_lpc1769/src/FW_SysTick.o
                0x00000964                SysTick_Handler
 .text.UART0_Init
                0x00000a00       0x7c ./drivers_lpc1769/src/FW_UART.o
                0x00000a00                UART0_Init
 .text.UART0_IRQHandler
                0x00000a7c       0x68 ./drivers_lpc1769/src/FW_UART.o
                0x00000a7c                UART0_IRQHandler
 .text.UART0_StartTx
                0x00000ae4       0x28 ./drivers_lpc1769/src/FW_UART.o
                0x00000ae4                UART0_StartTx
 .text.IO_Init  0x00000b0c       0x80 ./drivers_infotronic/src/FW_IO.o
                0x00000b0c                IO_Init
 .text.IO_LED_Set
                0x00000b8c       0x70 ./drivers_infotronic/src/FW_IO.o
                0x00000b8c                IO_LED_Set
 .text.Kit_Init
                0x00000bfc       0x28 ./drivers_infotronic/src/FW_Init.o
                0x00000bfc                Kit_Init
 .text.PLL_Init
                0x00000c24      0x140 ./drivers_infotronic/src/FW_Init.o
                0x00000c24                PLL_Init
 .text.LCD_Init
                0x00000d64       0xc0 ./drivers_infotronic/src/FW_LCD.o
                0x00000d64                LCD_Init
 .text.LCD_Config
                0x00000e24      0x114 ./drivers_infotronic/src/FW_LCD.o
                0x00000e24                LCD_Config
 .text.LCD_Push
                0x00000f38       0xc4 ./drivers_infotronic/src/FW_LCD.o
                0x00000f38                LCD_Push
 .text.LCD_Pop  0x00000ffc       0x64 ./drivers_infotronic/src/FW_LCD.o
                0x00000ffc                LCD_Pop
 .text.LCD_Driver
                0x00001060       0xcc ./drivers_infotronic/src/FW_LCD.o
                0x00001060                LCD_Driver
 .text.Teclado5x1_Driver
                0x0000112c       0x20 ./drivers_infotronic/src/FW_Teclado.o
                0x0000112c                Teclado5x1_Driver
 .text.Teclado5x1_SW
                0x0000114c       0xa8 ./drivers_infotronic/src/FW_Teclado.o
                0x0000114c                Teclado5x1_SW
 .text.Teclado5x1_HW
                0x000011f4       0x64 ./drivers_infotronic/src/FW_Teclado.o
                0x000011f4                Teclado5x1_HW
 .text.Teclado5x1_Init
                0x00001258       0xa0 ./drivers_infotronic/src/FW_Teclado.o
                0x00001258                Teclado5x1_Init
 .text.Controlador
                0x000012f8      0x18c ./aplicacion/src/AP_Controlador.o
                0x000012f8                Controlador
 .text.RX_Mensajes
                0x00001484       0xc4 ./aplicacion/src/AP_Controlador.o
                0x00001484                RX_Mensajes
 .text.main     0x00001548       0x14 ./aplicacion/src/main.o
                0x00001548                main
 .text.__main   0x0000155c       0x14 /usr/local/lpcxpresso_8.2.2_650/lpcxpresso/tools/bin/../lib/gcc/arm-none-eabi/5.4.1/../../../../arm-none-eabi/lib/armv7-m/libcr_nohost.a(_cr__main.o)
                0x0000155c                __main
 .text.fp_round
                0x00001570       0x4c /usr/local/lpcxpresso_8.2.2_650/lpcxpresso/tools/bin/../lib/gcc/arm-none-eabi/5.4.1/../../../../arm-none-eabi/lib/armv7-m/libcr_c.a(fpprintf.o)
 .text.pr_dec.constprop.1
                0x000015bc       0x26 /usr/local/lpcxpresso_8.2.2_650/lpcxpresso/tools/bin/../lib/gcc/arm-none-eabi/5.4.1/../../../../arm-none-eabi/lib/armv7-m/libcr_c.a(fpprintf.o)
 *fill*         0x000015e2        0x2 ff
 .text.sprintf  0x000015e4       0x6c /usr/local/lpcxpresso_8.2.2_650/lpcxpresso/tools/bin/../lib/gcc/arm-none-eabi/5.4.1/../../../../arm-none-eabi/lib/armv7-m/libcr_c.a(fpprintf.o)
                0x000015e4                sprintf
 .text.fp_display
                0x00001650      0x8ec /usr/local/lpcxpresso_8.2.2_650/lpcxpresso/tools/bin/../lib/gcc/arm-none-eabi/5.4.1/../../../../arm-none-eabi/lib/armv7-m/libcr_c.a(fpprintf.o)
 .text._initio  0x00001f3c       0xa4 /usr/local/lpcxpresso_8.2.2_650/lpcxpresso/tools/bin/../lib/gcc/arm-none-eabi/5.4.1/../../../../arm-none-eabi/lib/armv7-m/libcr_c.a(initio.o)
                0x00001f3c                _initio
 .text.__vfprintf
                0x00001fe0      0xd28 /usr/local/lpcxpresso_8.2.2_650/lpcxpresso/tools/bin/../lib/gcc/arm-none-eabi/5.4.1/../../../../arm-none-eabi/lib/armv7-m/libcr_c.a(printf.o)
                0x00001fe0                __vfprintf
 .text.setvbuf  0x00002d08       0x40 /usr/local/lpcxpresso_8.2.2_650/lpcxpresso/tools/bin/../lib/gcc/arm-none-eabi/5.4.1/../../../../arm-none-eabi/lib/armv7-m/libcr_c.a(setvbuf.o)
                0x00002d08                setvbuf
 .text.strlen   0x00002d48       0x4a /usr/local/lpcxpresso_8.2.2_650/lpcxpresso/tools/bin/../lib/gcc/arm-none-eabi/5.4.1/../../../../arm-none-eabi/lib/armv7-m/libcr_c.a(strlen.o)
                0x00002d48                strlen
 .text.memset   0x00002d92        0x4 /usr/local/lpcxpresso_8.2.2_650/lpcxpresso/tools/bin/../lib/gcc/arm-none-eabi/5.4.1/../../../../arm-none-eabi/lib/armv7-m/libcr_c.a(memset.o)
                0x00002d92                memset
 .text._deferredlazyseek
                0x00002d96       0x44 /usr/local/lpcxpresso_8.2.2_650/lpcxpresso/tools/bin/../lib/gcc/arm-none-eabi/5.4.1/../../../../arm-none-eabi/lib/armv7-m/libcr_c.a(_deferredlazyseek.o)
                0x00002d96                _deferredlazyseek
 .text.__flsbuf
                0x00002dda      0x140 /usr/local/lpcxpresso_8.2.2_650/lpcxpresso/tools/bin/../lib/gcc/arm-none-eabi/5.4.1/../../../../arm-none-eabi/lib/armv7-m/libcr_c.a(_deferredlazyseek.o)
                0x00002dda                __flsbuf
 .text._fdopen  0x00002f1a       0x6a /usr/local/lpcxpresso_8.2.2_650/lpcxpresso/tools/bin/../lib/gcc/arm-none-eabi/5.4.1/../../../../arm-none-eabi/lib/armv7-m/libcr_c.a(_fdopen.o)
                0x00002f1a                _fdopen
 .text._fflush  0x00002f84       0x58 /usr/local/lpcxpresso_8.2.2_650/lpcxpresso/tools/bin/../lib/gcc/arm-none-eabi/5.4.1/../../../../arm-none-eabi/lib/armv7-m/libcr_c.a(_fflush.o)
                0x00002f84                _fflush
 .text._frexpl  0x00002fdc       0x5a /usr/local/lpcxpresso_8.2.2_650/lpcxpresso/tools/bin/../lib/gcc/arm-none-eabi/5.4.1/../../../../arm-none-eabi/lib/armv7-m/libcr_c.a(_frexpl.o)
                0x00002fdc                _frexpl
 *fill*         0x00003036        0x2 ff
 .text._ldexpl  0x00003038       0x4c /usr/local/lpcxpresso_8.2.2_650/lpcxpresso/tools/bin/../lib/gcc/arm-none-eabi/5.4.1/../../../../arm-none-eabi/lib/armv7-m/libcr_c.a(_ldexpl.o)
                0x00003038                _ldexpl
 .text._Cwritebuf
                0x00003084       0x68 /usr/local/lpcxpresso_8.2.2_650/lpcxpresso/tools/bin/../lib/gcc/arm-none-eabi/5.4.1/../../../../arm-none-eabi/lib/armv7-m/libcr_c.a(_writebuf.o)
                0x00003084                _Cwritebuf
 .text.malloc   0x000030ec       0xc8 /usr/local/lpcxpresso_8.2.2_650/lpcxpresso/tools/bin/../lib/gcc/arm-none-eabi/5.4.1/../../../../arm-none-eabi/lib/armv7-m/libcr_c.a(alloc.o)
                0x000030ec                malloc
 .text.free     0x000031b4       0x30 /usr/local/lpcxpresso_8.2.2_650/lpcxpresso/tools/bin/../lib/gcc/arm-none-eabi/5.4.1/../../../../arm-none-eabi/lib/armv7-m/libcr_c.a(alloc.o)
                0x000031b4                free
 .text._Csys_alloc
                0x000031e4       0x20 /usr/local/lpcxpresso_8.2.2_650/lpcxpresso/tools/bin/../lib/gcc/arm-none-eabi/5.4.1/../../../../arm-none-eabi/lib/armv7-m/libcr_c.a(alloc.o)
                0x000031e4                _Csys_alloc
 .text.fclose   0x00003204       0x6c /usr/local/lpcxpresso_8.2.2_650/lpcxpresso/tools/bin/../lib/gcc/arm-none-eabi/5.4.1/../../../../arm-none-eabi/lib/armv7-m/libcr_c.a(fclose.o)
                0x00003204                fclose
 .text.fflush   0x00003270       0x30 /usr/local/lpcxpresso_8.2.2_650/lpcxpresso/tools/bin/../lib/gcc/arm-none-eabi/5.4.1/../../../../arm-none-eabi/lib/armv7-m/libcr_c.a(fflush.o)
                0x00003270                fflush
 .text.fseek    0x000032a0      0x110 /usr/local/lpcxpresso_8.2.2_650/lpcxpresso/tools/bin/../lib/gcc/arm-none-eabi/5.4.1/../../../../arm-none-eabi/lib/armv7-m/libcr_c.a(fseek.o)
                0x000032a0                fseek
 .text.ftell    0x000033b0       0x4c /usr/local/lpcxpresso_8.2.2_650/lpcxpresso/tools/bin/../lib/gcc/arm-none-eabi/5.4.1/../../../../arm-none-eabi/lib/armv7-m/libcr_c.a(ftell.o)
                0x000033b0                ftell
 .text.remove   0x000033fc       0x14 /usr/local/lpcxpresso_8.2.2_650/lpcxpresso/tools/bin/../lib/gcc/arm-none-eabi/5.4.1/../../../../arm-none-eabi/lib/armv7-m/libcr_c.a(remove.o)
                0x000033fc                remove
 .text._sbrk    0x00003410       0x40 /usr/local/lpcxpresso_8.2.2_650/lpcxpresso/tools/bin/../lib/gcc/arm-none-eabi/5.4.1/../../../../arm-none-eabi/lib/armv7-m/libcr_c.a(_cr_sbrk.o)
                0x00003410                _sbrk
 .text._do_fflush
                0x00003450       0x44 /usr/local/lpcxpresso_8.2.2_650/lpcxpresso/tools/bin/../lib/gcc/arm-none-eabi/5.4.1/../../../../arm-none-eabi/lib/armv7-m/libcr_c.a(_do_fflush.o)
                0x00003450                _do_fflush
 .text.__check_heap_overflow
                0x00003494       0x18 /usr/local/lpcxpresso_8.2.2_650/lpcxpresso/tools/bin/../lib/gcc/arm-none-eabi/5.4.1/../../../../arm-none-eabi/lib/armv7-m/libcr_c.a(_cr_check_heap.o)
                0x00003494                __check_heap_overflow
 .text.__aeabi_dmul
                0x000034ac      0x110 /usr/local/lpcxpresso_8.2.2_650/lpcxpresso/tools/bin/../lib/gcc/arm-none-eabi/5.4.1/armv7-m/libcr_eabihelpers.a(double.o)
                0x000034ac                __aeabi_dmul
 .text.__aeabi_ddiv
                0x000035bc      0x138 /usr/local/lpcxpresso_8.2.2_650/lpcxpresso/tools/bin/../lib/gcc/arm-none-eabi/5.4.1/armv7-m/libcr_eabihelpers.a(double.o)
                0x000035bc                __aeabi_ddiv
 .text.__aeabi_dsub
                0x000036f4      0x1a0 /usr/local/lpcxpresso_8.2.2_650/lpcxpresso/tools/bin/../lib/gcc/arm-none-eabi/5.4.1/armv7-m/libcr_eabihelpers.a(double.o)
                0x000036f4                __aeabi_dsub
 .text.__aeabi_dadd
                0x00003894      0x10c /usr/local/lpcxpresso_8.2.2_650/lpcxpresso/tools/bin/../lib/gcc/arm-none-eabi/5.4.1/armv7-m/libcr_eabihelpers.a(double.o)
                0x00003894                __aeabi_dadd
 .text.__aeabi_d2iz
                0x000039a0       0x40 /usr/local/lpcxpresso_8.2.2_650/lpcxpresso/tools/bin/../lib/gcc/arm-none-eabi/5.4.1/armv7-m/libcr_eabihelpers.a(double.o)
                0x000039a0                __aeabi_d2iz
 .text.__bhs_ui2d
                0x000039e0       0x46 /usr/local/lpcxpresso_8.2.2_650/lpcxpresso/tools/bin/../lib/gcc/arm-none-eabi/5.4.1/armv7-m/libcr_eabihelpers.a(double.o)
                0x000039e0                __bhs_ui2d
 .text.__aeabi_i2d
                0x00003a26       0x10 /usr/local/lpcxpresso_8.2.2_650/lpcxpresso/tools/bin/../lib/gcc/arm-none-eabi/5.4.1/armv7-m/libcr_eabihelpers.a(double.o)
                0x00003a26                __aeabi_i2d
 .text.__aeabi_dcmpeq
                0x00003a36       0x2c /usr/local/lpcxpresso_8.2.2_650/lpcxpresso/tools/bin/../lib/gcc/arm-none-eabi/5.4.1/armv7-m/libcr_eabihelpers.a(double.o)
                0x00003a36                __aeabi_dcmpeq
 .text.__aeabi_dcmplt
                0x00003a62       0x54 /usr/local/lpcxpresso_8.2.2_650/lpcxpresso/tools/bin/../lib/gcc/arm-none-eabi/5.4.1/armv7-m/libcr_eabihelpers.a(double.o)
                0x00003a62                __aeabi_dcmplt
 .text.__aeabi_dcmple
                0x00003ab6       0x54 /usr/local/lpcxpresso_8.2.2_650/lpcxpresso/tools/bin/../lib/gcc/arm-none-eabi/5.4.1/armv7-m/libcr_eabihelpers.a(double.o)
                0x00003ab6                __aeabi_dcmple
 .text.__aeabi_dcmpge
                0x00003b0a       0x54 /usr/local/lpcxpresso_8.2.2_650/lpcxpresso/tools/bin/../lib/gcc/arm-none-eabi/5.4.1/armv7-m/libcr_eabihelpers.a(double.o)
                0x00003b0a                __aeabi_dcmpge
 .text.__aeabi_memset_lowlevel
                0x00003b5e       0x32 /usr/local/lpcxpresso_8.2.2_650/lpcxpresso/tools/bin/../lib/gcc/arm-none-eabi/5.4.1/armv7-m/libcr_eabihelpers.a(memcpy.o)
                0x00003b5e                __aeabi_lowlevel_memset
 .text.__sys_appexit
                0x00003b90        0x2 /usr/local/lpcxpresso_8.2.2_650/lpcxpresso/tools/bin/../lib/gcc/arm-none-eabi/5.4.1/../../../../arm-none-eabi/lib/armv7-m/libcr_nohost.a(__sys_appexit.o)
                0x00003b90                __exit
                0x00003b90                __sys_appexit
 .text.__sys_close
                0x00003b92        0x6 /usr/local/lpcxpresso_8.2.2_650/lpcxpresso/tools/bin/../lib/gcc/arm-none-eabi/5.4.1/../../../../arm-none-eabi/lib/armv7-m/libcr_nohost.a(__sys_close.o)
                0x00003b92                __sys_close
 .text.__sys_flen
                0x00003b98        0x6 /usr/local/lpcxpresso_8.2.2_650/lpcxpresso/tools/bin/../lib/gcc/arm-none-eabi/5.4.1/../../../../arm-none-eabi/lib/armv7-m/libcr_nohost.a(__sys_flen.o)
                0x00003b98                __sys_flen
 .text.__sys_istty
                0x00003b9e        0x6 /usr/local/lpcxpresso_8.2.2_650/lpcxpresso/tools/bin/../lib/gcc/arm-none-eabi/5.4.1/../../../../arm-none-eabi/lib/armv7-m/libcr_nohost.a(__sys_istty.o)
                0x00003b9e                __sys_istty
 .text.__sys_remove
                0x00003ba4        0x6 /usr/local/lpcxpresso_8.2.2_650/lpcxpresso/tools/bin/../lib/gcc/arm-none-eabi/5.4.1/../../../../arm-none-eabi/lib/armv7-m/libcr_nohost.a(__sys_remove.o)
                0x00003ba4                __sys_remove
 .text.__sys_seek
                0x00003baa        0x6 /usr/local/lpcxpresso_8.2.2_650/lpcxpresso/tools/bin/../lib/gcc/arm-none-eabi/5.4.1/../../../../arm-none-eabi/lib/armv7-m/libcr_nohost.a(__sys_seek.o)
                0x00003baa                __sys_seek
 .text.__sys_tmpnam
                0x00003bb0        0x6 /usr/local/lpcxpresso_8.2.2_650/lpcxpresso/tools/bin/../lib/gcc/arm-none-eabi/5.4.1/../../../../arm-none-eabi/lib/armv7-m/libcr_nohost.a(__sys_tmpnam.o)
                0x00003bb0                __sys_tmpnam
 .text.__sys_write
                0x00003bb6        0x4 /usr/local/lpcxpresso_8.2.2_650/lpcxpresso/tools/bin/../lib/gcc/arm-none-eabi/5.4.1/../../../../arm-none-eabi/lib/armv7-m/libcr_nohost.a(__sys_write.o)
                0x00003bb6                __write
                0x00003bb6                __sys_write
 *(.rodata .rodata.* .constdata .constdata.*)
 *fill*         0x00003bba        0x2 ff
 .rodata        0x00003bbc       0x89 ./aplicacion/src/AP_Controlador.o
 .rodata.str1.1
                0x00003c45       0x34 /usr/local/lpcxpresso_8.2.2_650/lpcxpresso/tools/bin/../lib/gcc/arm-none-eabi/5.4.1/../../../../arm-none-eabi/lib/armv7-m/libcr_c.a(fpprintf.o)
                                 0x35 (size before relaxing)
 .rodata.str1.1
                0x00003c79        0x4 /usr/local/lpcxpresso_8.2.2_650/lpcxpresso/tools/bin/../lib/gcc/arm-none-eabi/5.4.1/../../../../arm-none-eabi/lib/armv7-m/libcr_c.a(initio.o)
 .rodata.str1.1
                0x00003c7d       0x31 /usr/local/lpcxpresso_8.2.2_650/lpcxpresso/tools/bin/../lib/gcc/arm-none-eabi/5.4.1/../../../../arm-none-eabi/lib/armv7-m/libcr_c.a(printf.o)
                                 0x38 (size before relaxing)
 .rodata.str1.1
                0x00003cae       0x18 /usr/local/lpcxpresso_8.2.2_650/lpcxpresso/tools/bin/../lib/gcc/arm-none-eabi/5.4.1/../../../../arm-none-eabi/lib/armv7-m/libcr_c.a(alloc.o)
 *fill*         0x00003cc6        0x2 ff
 .rodata.__huge_vall
                0x00003cc8        0x8 /usr/local/lpcxpresso_8.2.2_650/lpcxpresso/tools/bin/../lib/gcc/arm-none-eabi/5.4.1/../../../../arm-none-eabi/lib/armv7-m/libcr_c.a(_hugeval.o)
                0x00003cc8                __huge_vall
                0x00003cd0                . = ALIGN (0x4)

.glue_7         0x00003cd0        0x0
 .glue_7        0x00003cd0        0x0 linker stubs

.glue_7t        0x00003cd0        0x0
 .glue_7t       0x00003cd0        0x0 linker stubs

.vfp11_veneer   0x00003cd0        0x0
 .vfp11_veneer  0x00003cd0        0x0 linker stubs

.v4_bx          0x00003cd0        0x0
 .v4_bx         0x00003cd0        0x0 linker stubs

.iplt           0x00003cd0        0x0
 .iplt          0x00003cd0        0x0 ./primitivas/src/PR_LCD.o

.rel.dyn        0x00003cd0        0x0
 .rel.iplt      0x00003cd0        0x0 ./primitivas/src/PR_LCD.o

.ARM.extab
 *(.ARM.extab* .gnu.linkonce.armextab.*)
                0x00003cd0                __exidx_start = .

.ARM.exidx
 *(.ARM.exidx* .gnu.linkonce.armexidx.*)
                0x00003cd0                __exidx_end = .
                0x00003cd0                _etext = .

.data_RAM2      0x2007c000        0x0 load address 0x00003cd0
 FILL mask 0xff
                [!provide]                PROVIDE (__start_data_RAM2, .)
 *(.ramfunc.$RAM2)
 *(.ramfunc.$RamAHB32)
 *(.data.$RAM2*)
 *(.data.$RamAHB32*)
                0x2007c000                . = ALIGN (0x4)
                [!provide]                PROVIDE (__end_data_RAM2, .)

.uninit_RESERVED
                0x10000000        0x0
 *(.bss.$RESERVED*)
                0x10000000                . = ALIGN (0x4)
                0x10000000                _end_uninit_RESERVED = .

.data           0x10000000       0x20 load address 0x00003cd0
 FILL mask 0xff
                0x10000000                _data = .
 *(vtable)
 *(.ramfunc*)
 *(.data*)
 .data.tx_buffer_empty
                0x10000000        0x1 ./primitivas/src/PR_Serie.o
                0x10000000                tx_buffer_empty
 .data.rx_buffer_empty
                0x10000001        0x1 ./primitivas/src/PR_Serie.o
                0x10000001                rx_buffer_empty
 *fill*         0x10000002        0x2 ff
 .data.ADC_delay
                0x10000004        0x4 ./drivers_lpc1769/src/FW_ADC.o
                0x10000004                ADC_delay
 .data.circularBufferAccessor.3742
                0x10000008        0x4 ./drivers_lpc1769/src/FW_ADC.o
 .data.circularBufferEnd.3744
                0x1000000c        0x4 ./drivers_lpc1769/src/FW_ADC.o
 .data.ticks_10ms.3767
                0x10000010        0x4 ./drivers_lpc1769/src/FW_SysTick.o
 .data.ticks_100ms.3768
                0x10000014        0x4 ./drivers_lpc1769/src/FW_SysTick.o
 .data.ticks_1seg.3769
                0x10000018        0x4 ./drivers_lpc1769/src/FW_SysTick.o
 .data.bufferTeclado5x1
                0x1000001c        0x1 ./drivers_infotronic/src/FW_Teclado.o
                0x1000001c                bufferTeclado5x1
 .data.estado.3743
                0x1000001d        0x1 ./drivers_infotronic/src/FW_Teclado.o
 .data.codigoAnterior.3742
                0x1000001e        0x1 ./drivers_infotronic/src/FW_Teclado.o
                0x10000020                . = ALIGN (0x4)
 *fill*         0x1000001f        0x1 ff
                0x10000020                _edata = .

.igot.plt       0x10000020        0x0 load address 0x00003cf0
 .igot.plt      0x10000020        0x0 ./primitivas/src/PR_LCD.o

.bss_RAM2       0x2007c000        0x0
                [!provide]                PROVIDE (__start_bss_RAM2, .)
 *(.bss.$RAM2*)
 *(.bss.$RamAHB32*)
                0x2007c000                . = ALIGN ((. != 0x0)?0x4:0x1)
                [!provide]                PROVIDE (__end_bss_RAM2, .)

.bss            0x10000020      0x4ec
                0x10000020                _bss = .
 *(.bss*)
 .bss.bufferTx  0x10000020       0x20 ./primitivas/src/PR_Serie.o
                0x10000020                bufferTx
 .bss.bufferRx  0x10000040       0x20 ./primitivas/src/PR_Serie.o
                0x10000040                bufferRx
 .bss.index_tx_in
                0x10000060        0x1 ./primitivas/src/PR_Serie.o
                0x10000060                index_tx_in
 .bss.index_tx_out
                0x10000061        0x1 ./primitivas/src/PR_Serie.o
                0x10000061                index_tx_out
 .bss.index_rx_in
                0x10000062        0x1 ./primitivas/src/PR_Serie.o
                0x10000062                index_rx_in
 .bss.index_rx_out
                0x10000063        0x1 ./primitivas/src/PR_Serie.o
                0x10000063                index_rx_out
 .bss.tx_buffer_full
                0x10000064        0x1 ./primitivas/src/PR_Serie.o
                0x10000064                tx_buffer_full
 .bss.rx_buffer_full
                0x10000065        0x1 ./primitivas/src/PR_Serie.o
                0x10000065                rx_buffer_full
 *fill*         0x10000066        0x2 
 .bss.ADC_valor
                0x10000068        0x4 ./drivers_lpc1769/src/FW_ADC.o
                0x10000068                ADC_valor
 .bss.ADC_dato_disponible
                0x1000006c        0x1 ./drivers_lpc1769/src/FW_ADC.o
                0x1000006c                ADC_dato_disponible
 *fill*         0x1000006d        0x3 
 .bss.sum.3743  0x10000070        0x4 ./drivers_lpc1769/src/FW_ADC.o
 .bss.circularBuffer.3741
                0x10000074      0x258 ./drivers_lpc1769/src/FW_ADC.o
 .bss.EINT0_flag
                0x100002cc        0x4 ./drivers_lpc1769/src/FW_EXTINT.o
                0x100002cc                EINT0_flag
 .bss.EINT3_flag
                0x100002d0        0x4 ./drivers_lpc1769/src/FW_EXTINT.o
                0x100002d0                EINT3_flag
 .bss.flag_updateValorLCD
                0x100002d4        0x1 ./drivers_lpc1769/src/FW_SysTick.o
                0x100002d4                flag_updateValorLCD
 .bss.UART0_txEnCurso
                0x100002d5        0x1 ./drivers_lpc1769/src/FW_UART.o
                0x100002d5                UART0_txEnCurso
 *fill*         0x100002d6        0x2 
 .bss.buffer_LCD
                0x100002d8       0xa0 ./drivers_infotronic/src/FW_LCD.o
                0x100002d8                buffer_LCD
 .bss.indexIn_LCD
                0x10000378        0x4 ./drivers_infotronic/src/FW_LCD.o
                0x10000378                indexIn_LCD
 .bss.indexOut_LCD
                0x1000037c        0x4 ./drivers_infotronic/src/FW_LCD.o
                0x1000037c                indexOut_LCD
 .bss.LCD_delay
                0x10000380        0x4 ./drivers_infotronic/src/FW_LCD.o
                0x10000380                LCD_delay
 .bss.estadoEnable.3775
                0x10000384        0x1 ./drivers_infotronic/src/FW_LCD.o
 .bss.contTeclaEstable.3744
                0x10000385        0x1 ./drivers_infotronic/src/FW_Teclado.o
 .bss.flag_IniciarMedicion
                0x10000386        0x1 ./aplicacion/src/AP_Controlador.o
                0x10000386                flag_IniciarMedicion
 .bss.flag_DetenerMedicion
                0x10000387        0x1 ./aplicacion/src/AP_Controlador.o
                0x10000387                flag_DetenerMedicion
 .bss.estado_medidor.4122
                0x10000388        0x4 ./aplicacion/src/AP_Controlador.o
 .bss.msg_LCD.4123
                0x1000038c       0x20 ./aplicacion/src/AP_Controlador.o
 .bss.estado_rx.4136
                0x100003ac        0x4 ./aplicacion/src/AP_Controlador.o
 .bss.index_msg_rx.4134
                0x100003b0        0x1 ./aplicacion/src/AP_Controlador.o
 *fill*         0x100003b1        0x3 
 .bss.msg_rx.4135
                0x100003b4        0x8 ./aplicacion/src/AP_Controlador.o
 .bss._extra    0x100003bc        0x4 /usr/local/lpcxpresso_8.2.2_650/lpcxpresso/tools/bin/../lib/gcc/arm-none-eabi/5.4.1/../../../../arm-none-eabi/lib/armv7-m/libcr_c.a(initio.o)
                0x100003bc                _extra
 .bss.__Ciob    0x100003c0      0x140 /usr/local/lpcxpresso_8.2.2_650/lpcxpresso/tools/bin/../lib/gcc/arm-none-eabi/5.4.1/../../../../arm-none-eabi/lib/armv7-m/libcr_c.a(stdio.o)
                0x100003c0                __Ciob
 .bss.errno     0x10000500        0x4 /usr/local/lpcxpresso_8.2.2_650/lpcxpresso/tools/bin/../lib/gcc/arm-none-eabi/5.4.1/../../../../arm-none-eabi/lib/armv7-m/libcr_c.a(errno.o)
                0x10000500                errno
 .bss.__heaps   0x10000504        0x4 /usr/local/lpcxpresso_8.2.2_650/lpcxpresso/tools/bin/../lib/gcc/arm-none-eabi/5.4.1/../../../../arm-none-eabi/lib/armv7-m/libcr_c.a(__init_alloc.o)
                0x10000504                __heaps
 .bss.__end_of_heap
                0x10000508        0x4 /usr/local/lpcxpresso_8.2.2_650/lpcxpresso/tools/bin/../lib/gcc/arm-none-eabi/5.4.1/../../../../arm-none-eabi/lib/armv7-m/libcr_c.a(__init_alloc.o)
                0x10000508                __end_of_heap
 *(COMMON)
                0x1000050c                . = ALIGN (0x4)
                0x1000050c                _ebss = .
                [!provide]                PROVIDE (end, .)

.noinit_RAM2    0x2007c000        0x0
 *(.noinit.$RAM2*)
 *(.noinit.$RamAHB32*)
                0x2007c000                . = ALIGN (0x4)

.noinit         0x1000050c        0x0
                0x1000050c                _noinit = .
 *(.noinit*)
                0x1000050c                . = ALIGN (0x4)
                0x1000050c                _end_noinit = .
                0x1000050c                PROVIDE (_pvHeapStart, DEFINED (__user_heap_base)?__user_heap_base:.)
                0x10008000                PROVIDE (_vStackTop, DEFINED (__user_stack_top)?__user_stack_top:(__top_RamLoc32 - 0x0))
                [!provide]                PROVIDE (__valid_user_code_checksum, (0x0 - ((((((_vStackTop + (ResetISR + 0x1)) + (NMI_Handler + 0x1)) + (HardFault_Handler + 0x1)) + (DEFINED (MemManage_Handler)?MemManage_Handler:0x0 + 0x1)) + (DEFINED (BusFault_Handler)?BusFault_Handler:0x0 + 0x1)) + (DEFINED (UsageFault_Handler)?UsageFault_Handler:0x0 + 0x1))))
OUTPUT(ej_controlador_adc_serie.axf elf32-littlearm)

.debug_info     0x00000000     0x1314
 .debug_info    0x00000000       0xa1 ./primitivas/src/PR_LCD.o
 .debug_info    0x000000a1      0x20e ./primitivas/src/PR_Serie.o
 .debug_info    0x000002af      0x160 ./drivers_lpc1769/src/FW_ADC.o
 .debug_info    0x0000040f      0x11e ./drivers_lpc1769/src/FW_EXTINT.o
 .debug_info    0x0000052d      0x155 ./drivers_lpc1769/src/FW_GPIO.o
 .debug_info    0x00000682      0x13d ./drivers_lpc1769/src/FW_PINSEL.o
 .debug_info    0x000007bf      0x1d1 ./drivers_lpc1769/src/FW_SysTick.o
 .debug_info    0x00000990       0xe2 ./drivers_lpc1769/src/FW_UART.o
 .debug_info    0x00000a72      0x250 ./drivers_lpc1769/src/cr_startup_lpc175x_6x.o
 .debug_info    0x00000cc2       0x3f ./drivers_lpc1769/src/crp.o
 .debug_info    0x00000d01       0xe3 ./drivers_infotronic/src/FW_IO.o
 .debug_info    0x00000de4       0x95 ./drivers_infotronic/src/FW_Init.o
 .debug_info    0x00000e79      0x193 ./drivers_infotronic/src/FW_LCD.o
 .debug_info    0x0000100c      0x101 ./drivers_infotronic/src/FW_Teclado.o
 .debug_info    0x0000110d      0x197 ./aplicacion/src/AP_Controlador.o
 .debug_info    0x000012a4       0x70 ./aplicacion/src/main.o

.debug_abbrev   0x00000000      0xa96
 .debug_abbrev  0x00000000       0x70 ./primitivas/src/PR_LCD.o
 .debug_abbrev  0x00000070       0xf9 ./primitivas/src/PR_Serie.o
 .debug_abbrev  0x00000169       0xd1 ./drivers_lpc1769/src/FW_ADC.o
 .debug_abbrev  0x0000023a       0xa0 ./drivers_lpc1769/src/FW_EXTINT.o
 .debug_abbrev  0x000002da       0xa0 ./drivers_lpc1769/src/FW_GPIO.o
 .debug_abbrev  0x0000037a       0x95 ./drivers_lpc1769/src/FW_PINSEL.o
 .debug_abbrev  0x0000040f      0x105 ./drivers_lpc1769/src/FW_SysTick.o
 .debug_abbrev  0x00000514       0x97 ./drivers_lpc1769/src/FW_UART.o
 .debug_abbrev  0x000005ab       0xf5 ./drivers_lpc1769/src/cr_startup_lpc175x_6x.o
 .debug_abbrev  0x000006a0       0x36 ./drivers_lpc1769/src/crp.o
 .debug_abbrev  0x000006d6       0xa8 ./drivers_infotronic/src/FW_IO.o
 .debug_abbrev  0x0000077e       0x89 ./drivers_infotronic/src/FW_Init.o
 .debug_abbrev  0x00000807       0xdf ./drivers_infotronic/src/FW_LCD.o
 .debug_abbrev  0x000008e6       0xcb ./drivers_infotronic/src/FW_Teclado.o
 .debug_abbrev  0x000009b1       0x9e ./aplicacion/src/AP_Controlador.o
 .debug_abbrev  0x00000a4f       0x47 ./aplicacion/src/main.o

.debug_aranges  0x00000000      0x348
 .debug_aranges
                0x00000000       0x20 ./primitivas/src/PR_LCD.o
 .debug_aranges
                0x00000020       0x40 ./primitivas/src/PR_Serie.o
 .debug_aranges
                0x00000060       0x38 ./drivers_lpc1769/src/FW_ADC.o
 .debug_aranges
                0x00000098       0x40 ./drivers_lpc1769/src/FW_EXTINT.o
 .debug_aranges
                0x000000d8       0x30 ./drivers_lpc1769/src/FW_GPIO.o
 .debug_aranges
                0x00000108       0x30 ./drivers_lpc1769/src/FW_PINSEL.o
 .debug_aranges
                0x00000138       0x28 ./drivers_lpc1769/src/FW_SysTick.o
 .debug_aranges
                0x00000160       0x30 ./drivers_lpc1769/src/FW_UART.o
 .debug_aranges
                0x00000190       0x80 ./drivers_lpc1769/src/cr_startup_lpc175x_6x.o
 .debug_aranges
                0x00000210       0x18 ./drivers_lpc1769/src/crp.o
 .debug_aranges
                0x00000228       0x38 ./drivers_infotronic/src/FW_IO.o
 .debug_aranges
                0x00000260       0x28 ./drivers_infotronic/src/FW_Init.o
 .debug_aranges
                0x00000288       0x40 ./drivers_infotronic/src/FW_LCD.o
 .debug_aranges
                0x000002c8       0x38 ./drivers_infotronic/src/FW_Teclado.o
 .debug_aranges
                0x00000300       0x28 ./aplicacion/src/AP_Controlador.o
 .debug_aranges
                0x00000328       0x20 ./aplicacion/src/main.o

.debug_ranges   0x00000000      0x240
 .debug_ranges  0x00000000       0x10 ./primitivas/src/PR_LCD.o
 .debug_ranges  0x00000010       0x30 ./primitivas/src/PR_Serie.o
 .debug_ranges  0x00000040       0x28 ./drivers_lpc1769/src/FW_ADC.o
 .debug_ranges  0x00000068       0x30 ./drivers_lpc1769/src/FW_EXTINT.o
 .debug_ranges  0x00000098       0x20 ./drivers_lpc1769/src/FW_GPIO.o
 .debug_ranges  0x000000b8       0x20 ./drivers_lpc1769/src/FW_PINSEL.o
 .debug_ranges  0x000000d8       0x18 ./drivers_lpc1769/src/FW_SysTick.o
 .debug_ranges  0x000000f0       0x20 ./drivers_lpc1769/src/FW_UART.o
 .debug_ranges  0x00000110       0x70 ./drivers_lpc1769/src/cr_startup_lpc175x_6x.o
 .debug_ranges  0x00000180       0x28 ./drivers_infotronic/src/FW_IO.o
 .debug_ranges  0x000001a8       0x18 ./drivers_infotronic/src/FW_Init.o
 .debug_ranges  0x000001c0       0x30 ./drivers_infotronic/src/FW_LCD.o
 .debug_ranges  0x000001f0       0x28 ./drivers_infotronic/src/FW_Teclado.o
 .debug_ranges  0x00000218       0x18 ./aplicacion/src/AP_Controlador.o
 .debug_ranges  0x00000230       0x10 ./aplicacion/src/main.o

.debug_macro    0x00000000     0x1cbb
 .debug_macro   0x00000000       0x58 ./primitivas/src/PR_LCD.o
 .debug_macro   0x00000058      0x88c ./primitivas/src/PR_LCD.o
 .debug_macro   0x000008e4      0x7f4 ./primitivas/src/PR_LCD.o
 .debug_macro   0x000010d8       0x34 ./primitivas/src/PR_LCD.o
 .debug_macro   0x0000110c       0x46 ./primitivas/src/PR_LCD.o
 .debug_macro   0x00001152      0x136 ./primitivas/src/PR_LCD.o
 .debug_macro   0x00001288       0x28 ./primitivas/src/PR_LCD.o
 .debug_macro   0x000012b0       0x4a ./primitivas/src/PR_Serie.o
 .debug_macro   0x000012fa       0x10 ./primitivas/src/PR_Serie.o
 .debug_macro   0x0000130a       0x32 ./drivers_lpc1769/src/FW_ADC.o
 .debug_macro   0x0000133c       0x10 ./drivers_lpc1769/src/FW_ADC.o
 .debug_macro   0x0000134c       0x32 ./drivers_lpc1769/src/FW_EXTINT.o
 .debug_macro   0x0000137e       0x34 ./drivers_lpc1769/src/FW_EXTINT.o
 .debug_macro   0x000013b2       0x29 ./drivers_lpc1769/src/FW_GPIO.o
 .debug_macro   0x000013db       0x29 ./drivers_lpc1769/src/FW_PINSEL.o
 .debug_macro   0x00001404       0x40 ./drivers_lpc1769/src/FW_PINSEL.o
 .debug_macro   0x00001444       0x73 ./drivers_lpc1769/src/FW_SysTick.o
 .debug_macro   0x000014b7       0x3a ./drivers_lpc1769/src/FW_SysTick.o
 .debug_macro   0x000014f1       0x46 ./drivers_lpc1769/src/FW_SysTick.o
 .debug_macro   0x00001537       0x16 ./drivers_lpc1769/src/FW_SysTick.o
 .debug_macro   0x0000154d       0x4a ./drivers_lpc1769/src/FW_UART.o
 .debug_macro   0x00001597       0x1d ./drivers_lpc1769/src/cr_startup_lpc175x_6x.o
 .debug_macro   0x000015b4       0x1a ./drivers_lpc1769/src/crp.o
 .debug_macro   0x000015ce       0x34 ./drivers_lpc1769/src/crp.o
 .debug_macro   0x00001602       0x4e ./drivers_infotronic/src/FW_IO.o
 .debug_macro   0x00001650       0x1c ./drivers_infotronic/src/FW_IO.o
 .debug_macro   0x0000166c       0xbe ./drivers_infotronic/src/FW_Init.o
 .debug_macro   0x0000172a       0x16 ./drivers_infotronic/src/FW_Init.o
 .debug_macro   0x00001740       0x3a ./drivers_infotronic/src/FW_Init.o
 .debug_macro   0x0000177a       0x22 ./drivers_infotronic/src/FW_Init.o
 .debug_macro   0x0000179c       0x4e ./drivers_infotronic/src/FW_LCD.o
 .debug_macro   0x000017ea       0x4e ./drivers_infotronic/src/FW_Teclado.o
 .debug_macro   0x00001838       0xe7 ./aplicacion/src/AP_Controlador.o
 .debug_macro   0x0000191f       0x10 ./aplicacion/src/AP_Controlador.o
 .debug_macro   0x0000192f      0x12d ./aplicacion/src/AP_Controlador.o
 .debug_macro   0x00001a5c       0xa0 ./aplicacion/src/AP_Controlador.o
 .debug_macro   0x00001afc       0x2e ./aplicacion/src/AP_Controlador.o
 .debug_macro   0x00001b2a      0x10f ./aplicacion/src/main.o
 .debug_macro   0x00001c39       0x82 ./aplicacion/src/main.o

.debug_line     0x00000000     0x1bc9
 .debug_line    0x00000000      0x1c2 ./primitivas/src/PR_LCD.o
 .debug_line    0x000001c2      0x1c0 ./primitivas/src/PR_Serie.o
 .debug_line    0x00000382      0x11f ./drivers_lpc1769/src/FW_ADC.o
 .debug_line    0x000004a1      0x13c ./drivers_lpc1769/src/FW_EXTINT.o
 .debug_line    0x000005dd      0x103 ./drivers_lpc1769/src/FW_GPIO.o
 .debug_line    0x000006e0      0x10c ./drivers_lpc1769/src/FW_PINSEL.o
 .debug_line    0x000007ec      0x1a3 ./drivers_lpc1769/src/FW_SysTick.o
 .debug_line    0x0000098f      0x170 ./drivers_lpc1769/src/FW_UART.o
 .debug_line    0x00000aff       0xe4 ./drivers_lpc1769/src/cr_startup_lpc175x_6x.o
 .debug_line    0x00000be3       0x8c ./drivers_lpc1769/src/crp.o
 .debug_line    0x00000c6f      0x1bb ./drivers_infotronic/src/FW_IO.o
 .debug_line    0x00000e2a      0x26f ./drivers_infotronic/src/FW_Init.o
 .debug_line    0x00001099      0x20c ./drivers_infotronic/src/FW_LCD.o
 .debug_line    0x000012a5      0x1d1 ./drivers_infotronic/src/FW_Teclado.o
 .debug_line    0x00001476      0x3a6 ./aplicacion/src/AP_Controlador.o
 .debug_line    0x0000181c      0x3ad ./aplicacion/src/main.o

.debug_str      0x00000000     0x5a67
 .debug_str     0x00000000     0x4243 ./primitivas/src/PR_LCD.o
                               0x4276 (size before relaxing)
 .debug_str     0x00004243      0x1a6 ./primitivas/src/PR_Serie.o
                               0x3fbc (size before relaxing)
 .debug_str     0x000043e9      0x103 ./drivers_lpc1769/src/FW_ADC.o
                               0x3f72 (size before relaxing)
 .debug_str     0x000044ec      0x134 ./drivers_lpc1769/src/FW_EXTINT.o
                               0x3faa (size before relaxing)
 .debug_str     0x00004620       0x4c ./drivers_lpc1769/src/FW_GPIO.o
                               0x3e5d (size before relaxing)
 .debug_str     0x0000466c       0x5a ./drivers_lpc1769/src/FW_PINSEL.o
                               0x3edc (size before relaxing)
 .debug_str     0x000046c6      0x182 ./drivers_lpc1769/src/FW_SysTick.o
                               0x4458 (size before relaxing)
 .debug_str     0x00004848       0x4b ./drivers_lpc1769/src/FW_UART.o
                               0x3f35 (size before relaxing)
 .debug_str     0x00004893      0x1c2 ./drivers_lpc1769/src/cr_startup_lpc175x_6x.o
                               0x26b9 (size before relaxing)
 .debug_str     0x00004a55       0xf9 ./drivers_lpc1769/src/crp.o
                               0x25d1 (size before relaxing)
 .debug_str     0x00004b4e       0x92 ./drivers_infotronic/src/FW_IO.o
                               0x4273 (size before relaxing)
 .debug_str     0x00004be0       0x52 ./drivers_infotronic/src/FW_Init.o
                               0x44dd (size before relaxing)
 .debug_str     0x00004c32       0x91 ./drivers_infotronic/src/FW_LCD.o
                               0x42f3 (size before relaxing)
 .debug_str     0x00004cc3       0x93 ./drivers_infotronic/src/FW_Teclado.o
                               0x4310 (size before relaxing)
 .debug_str     0x00004d56      0x8aa ./aplicacion/src/AP_Controlador.o
                               0x4d22 (size before relaxing)
 .debug_str     0x00005600      0x467 ./aplicacion/src/main.o
                               0x5125 (size before relaxing)

.comment        0x00000000       0xdc
 .comment       0x00000000       0x6e ./primitivas/src/PR_LCD.o
                                 0x6f (size before relaxing)
 .comment       0x0000006e       0x6f ./primitivas/src/PR_Serie.o
 .comment       0x0000006e       0x6f ./drivers_lpc1769/src/FW_ADC.o
 .comment       0x0000006e       0x6f ./drivers_lpc1769/src/FW_EXTINT.o
 .comment       0x0000006e       0x6f ./drivers_lpc1769/src/FW_GPIO.o
 .comment       0x0000006e       0x6f ./drivers_lpc1769/src/FW_PINSEL.o
 .comment       0x0000006e       0x6f ./drivers_lpc1769/src/FW_SysTick.o
 .comment       0x0000006e       0x6f ./drivers_lpc1769/src/FW_UART.o
 .comment       0x0000006e       0x6f ./drivers_lpc1769/src/cr_startup_lpc175x_6x.o
 .comment       0x0000006e       0x6f ./drivers_lpc1769/src/crp.o
 .comment       0x0000006e       0x6f ./drivers_infotronic/src/FW_IO.o
 .comment       0x0000006e       0x6f ./drivers_infotronic/src/FW_Init.o
 .comment       0x0000006e       0x6f ./drivers_infotronic/src/FW_LCD.o
 .comment       0x0000006e       0x6f ./drivers_infotronic/src/FW_Teclado.o
 .comment       0x0000006e       0x6f ./aplicacion/src/AP_Controlador.o
 .comment       0x0000006e       0x6f ./aplicacion/src/main.o
 .comment       0x0000006e       0x6e /usr/local/lpcxpresso_8.2.2_650/lpcxpresso/tools/bin/../lib/gcc/arm-none-eabi/5.4.1/../../../../arm-none-eabi/lib/armv7-m/libcr_nohost.a(_cr__main.o)
                                 0x6f (size before relaxing)
 .comment       0x000000dc       0x6f /usr/local/lpcxpresso_8.2.2_650/lpcxpresso/tools/bin/../lib/gcc/arm-none-eabi/5.4.1/../../../../arm-none-eabi/lib/armv7-m/libcr_c.a(fpprintf.o)
 .comment       0x000000dc       0x6f /usr/local/lpcxpresso_8.2.2_650/lpcxpresso/tools/bin/../lib/gcc/arm-none-eabi/5.4.1/../../../../arm-none-eabi/lib/armv7-m/libcr_c.a(initio.o)
 .comment       0x000000dc       0x6f /usr/local/lpcxpresso_8.2.2_650/lpcxpresso/tools/bin/../lib/gcc/arm-none-eabi/5.4.1/../../../../arm-none-eabi/lib/armv7-m/libcr_c.a(printf.o)
 .comment       0x000000dc       0x6f /usr/local/lpcxpresso_8.2.2_650/lpcxpresso/tools/bin/../lib/gcc/arm-none-eabi/5.4.1/../../../../arm-none-eabi/lib/armv7-m/libcr_c.a(setvbuf.o)
 .comment       0x000000dc       0x6f /usr/local/lpcxpresso_8.2.2_650/lpcxpresso/tools/bin/../lib/gcc/arm-none-eabi/5.4.1/../../../../arm-none-eabi/lib/armv7-m/libcr_c.a(stdio.o)
 .comment       0x000000dc       0x6f /usr/local/lpcxpresso_8.2.2_650/lpcxpresso/tools/bin/../lib/gcc/arm-none-eabi/5.4.1/../../../../arm-none-eabi/lib/armv7-m/libcr_c.a(strlen.o)
 .comment       0x000000dc       0x6f /usr/local/lpcxpresso_8.2.2_650/lpcxpresso/tools/bin/../lib/gcc/arm-none-eabi/5.4.1/../../../../arm-none-eabi/lib/armv7-m/libcr_c.a(memset.o)
 .comment       0x000000dc       0x6f /usr/local/lpcxpresso_8.2.2_650/lpcxpresso/tools/bin/../lib/gcc/arm-none-eabi/5.4.1/../../../../arm-none-eabi/lib/armv7-m/libcr_c.a(_deferredlazyseek.o)
 .comment       0x000000dc       0x6f /usr/local/lpcxpresso_8.2.2_650/lpcxpresso/tools/bin/../lib/gcc/arm-none-eabi/5.4.1/../../../../arm-none-eabi/lib/armv7-m/libcr_c.a(_fdopen.o)
 .comment       0x000000dc       0x6f /usr/local/lpcxpresso_8.2.2_650/lpcxpresso/tools/bin/../lib/gcc/arm-none-eabi/5.4.1/../../../../arm-none-eabi/lib/armv7-m/libcr_c.a(_fflush.o)
 .comment       0x000000dc       0x6f /usr/local/lpcxpresso_8.2.2_650/lpcxpresso/tools/bin/../lib/gcc/arm-none-eabi/5.4.1/../../../../arm-none-eabi/lib/armv7-m/libcr_c.a(_frexpl.o)
 .comment       0x000000dc       0x6f /usr/local/lpcxpresso_8.2.2_650/lpcxpresso/tools/bin/../lib/gcc/arm-none-eabi/5.4.1/../../../../arm-none-eabi/lib/armv7-m/libcr_c.a(_ldexpl.o)
 .comment       0x000000dc       0x6f /usr/local/lpcxpresso_8.2.2_650/lpcxpresso/tools/bin/../lib/gcc/arm-none-eabi/5.4.1/../../../../arm-none-eabi/lib/armv7-m/libcr_c.a(_writebuf.o)
 .comment       0x000000dc       0x6f /usr/local/lpcxpresso_8.2.2_650/lpcxpresso/tools/bin/../lib/gcc/arm-none-eabi/5.4.1/../../../../arm-none-eabi/lib/armv7-m/libcr_c.a(alloc.o)
 .comment       0x000000dc       0x6f /usr/local/lpcxpresso_8.2.2_650/lpcxpresso/tools/bin/../lib/gcc/arm-none-eabi/5.4.1/../../../../arm-none-eabi/lib/armv7-m/libcr_c.a(errno.o)
 .comment       0x000000dc       0x6f /usr/local/lpcxpresso_8.2.2_650/lpcxpresso/tools/bin/../lib/gcc/arm-none-eabi/5.4.1/../../../../arm-none-eabi/lib/armv7-m/libcr_c.a(fclose.o)
 .comment       0x000000dc       0x6f /usr/local/lpcxpresso_8.2.2_650/lpcxpresso/tools/bin/../lib/gcc/arm-none-eabi/5.4.1/../../../../arm-none-eabi/lib/armv7-m/libcr_c.a(fflush.o)
 .comment       0x000000dc       0x6f /usr/local/lpcxpresso_8.2.2_650/lpcxpresso/tools/bin/../lib/gcc/arm-none-eabi/5.4.1/../../../../arm-none-eabi/lib/armv7-m/libcr_c.a(fseek.o)
 .comment       0x000000dc       0x6f /usr/local/lpcxpresso_8.2.2_650/lpcxpresso/tools/bin/../lib/gcc/arm-none-eabi/5.4.1/../../../../arm-none-eabi/lib/armv7-m/libcr_c.a(ftell.o)
 .comment       0x000000dc       0x6f /usr/local/lpcxpresso_8.2.2_650/lpcxpresso/tools/bin/../lib/gcc/arm-none-eabi/5.4.1/../../../../arm-none-eabi/lib/armv7-m/libcr_c.a(remove.o)
 .comment       0x000000dc       0x6f /usr/local/lpcxpresso_8.2.2_650/lpcxpresso/tools/bin/../lib/gcc/arm-none-eabi/5.4.1/../../../../arm-none-eabi/lib/armv7-m/libcr_c.a(__init_alloc.o)
 .comment       0x000000dc       0x6f /usr/local/lpcxpresso_8.2.2_650/lpcxpresso/tools/bin/../lib/gcc/arm-none-eabi/5.4.1/../../../../arm-none-eabi/lib/armv7-m/libcr_c.a(_cr_sbrk.o)
 .comment       0x000000dc       0x6f /usr/local/lpcxpresso_8.2.2_650/lpcxpresso/tools/bin/../lib/gcc/arm-none-eabi/5.4.1/../../../../arm-none-eabi/lib/armv7-m/libcr_c.a(_do_fflush.o)
 .comment       0x000000dc       0x6f /usr/local/lpcxpresso_8.2.2_650/lpcxpresso/tools/bin/../lib/gcc/arm-none-eabi/5.4.1/../../../../arm-none-eabi/lib/armv7-m/libcr_c.a(_hugeval.o)
 .comment       0x000000dc       0x6f /usr/local/lpcxpresso_8.2.2_650/lpcxpresso/tools/bin/../lib/gcc/arm-none-eabi/5.4.1/../../../../arm-none-eabi/lib/armv7-m/libcr_c.a(_cr_check_heap.o)
 .comment       0x000000dc       0x6f /usr/local/lpcxpresso_8.2.2_650/lpcxpresso/tools/bin/../lib/gcc/arm-none-eabi/5.4.1/armv7-m/libcr_eabihelpers.a(double.o)
 .comment       0x000000dc       0x6f /usr/local/lpcxpresso_8.2.2_650/lpcxpresso/tools/bin/../lib/gcc/arm-none-eabi/5.4.1/../../../../arm-none-eabi/lib/armv7-m/libcr_nohost.a(__sys_appexit.o)
 .comment       0x000000dc       0x6f /usr/local/lpcxpresso_8.2.2_650/lpcxpresso/tools/bin/../lib/gcc/arm-none-eabi/5.4.1/../../../../arm-none-eabi/lib/armv7-m/libcr_nohost.a(__sys_close.o)
 .comment       0x000000dc       0x6f /usr/local/lpcxpresso_8.2.2_650/lpcxpresso/tools/bin/../lib/gcc/arm-none-eabi/5.4.1/../../../../arm-none-eabi/lib/armv7-m/libcr_nohost.a(__sys_flen.o)
 .comment       0x000000dc       0x6f /usr/local/lpcxpresso_8.2.2_650/lpcxpresso/tools/bin/../lib/gcc/arm-none-eabi/5.4.1/../../../../arm-none-eabi/lib/armv7-m/libcr_nohost.a(__sys_istty.o)
 .comment       0x000000dc       0x6f /usr/local/lpcxpresso_8.2.2_650/lpcxpresso/tools/bin/../lib/gcc/arm-none-eabi/5.4.1/../../../../arm-none-eabi/lib/armv7-m/libcr_nohost.a(__sys_remove.o)
 .comment       0x000000dc       0x6f /usr/local/lpcxpresso_8.2.2_650/lpcxpresso/tools/bin/../lib/gcc/arm-none-eabi/5.4.1/../../../../arm-none-eabi/lib/armv7-m/libcr_nohost.a(__sys_seek.o)
 .comment       0x000000dc       0x6f /usr/local/lpcxpresso_8.2.2_650/lpcxpresso/tools/bin/../lib/gcc/arm-none-eabi/5.4.1/../../../../arm-none-eabi/lib/armv7-m/libcr_nohost.a(__sys_tmpnam.o)
 .comment       0x000000dc       0x6f /usr/local/lpcxpresso_8.2.2_650/lpcxpresso/tools/bin/../lib/gcc/arm-none-eabi/5.4.1/../../../../arm-none-eabi/lib/armv7-m/libcr_nohost.a(__sys_write.o)

.ARM.attributes
                0x00000000       0x31
 .ARM.attributes
                0x00000000       0x33 ./primitivas/src/PR_LCD.o
 .ARM.attributes
                0x00000033       0x33 ./primitivas/src/PR_Serie.o
 .ARM.attributes
                0x00000066       0x33 ./drivers_lpc1769/src/FW_ADC.o
 .ARM.attributes
                0x00000099       0x33 ./drivers_lpc1769/src/FW_EXTINT.o
 .ARM.attributes
                0x000000cc       0x33 ./drivers_lpc1769/src/FW_GPIO.o
 .ARM.attributes
                0x000000ff       0x33 ./drivers_lpc1769/src/FW_PINSEL.o
 .ARM.attributes
                0x00000132       0x33 ./drivers_lpc1769/src/FW_SysTick.o
 .ARM.attributes
                0x00000165       0x33 ./drivers_lpc1769/src/FW_UART.o
 .ARM.attributes
                0x00000198       0x33 ./drivers_lpc1769/src/cr_startup_lpc175x_6x.o
 .ARM.attributes
                0x000001cb       0x33 ./drivers_lpc1769/src/crp.o
 .ARM.attributes
                0x000001fe       0x33 ./drivers_infotronic/src/FW_IO.o
 .ARM.attributes
                0x00000231       0x33 ./drivers_infotronic/src/FW_Init.o
 .ARM.attributes
                0x00000264       0x33 ./drivers_infotronic/src/FW_LCD.o
 .ARM.attributes
                0x00000297       0x33 ./drivers_infotronic/src/FW_Teclado.o
 .ARM.attributes
                0x000002ca       0x33 ./aplicacion/src/AP_Controlador.o
 .ARM.attributes
                0x000002fd       0x33 ./aplicacion/src/main.o
 .ARM.attributes
                0x00000330       0x33 /usr/local/lpcxpresso_8.2.2_650/lpcxpresso/tools/bin/../lib/gcc/arm-none-eabi/5.4.1/../../../../arm-none-eabi/lib/armv7-m/libcr_nohost.a(_cr__main.o)
 .ARM.attributes
                0x00000363       0x33 /usr/local/lpcxpresso_8.2.2_650/lpcxpresso/tools/bin/../lib/gcc/arm-none-eabi/5.4.1/../../../../arm-none-eabi/lib/armv7-m/libcr_c.a(fpprintf.o)
 .ARM.attributes
                0x00000396       0x33 /usr/local/lpcxpresso_8.2.2_650/lpcxpresso/tools/bin/../lib/gcc/arm-none-eabi/5.4.1/../../../../arm-none-eabi/lib/armv7-m/libcr_c.a(initio.o)
 .ARM.attributes
                0x000003c9       0x33 /usr/local/lpcxpresso_8.2.2_650/lpcxpresso/tools/bin/../lib/gcc/arm-none-eabi/5.4.1/../../../../arm-none-eabi/lib/armv7-m/libcr_c.a(printf.o)
 .ARM.attributes
                0x000003fc       0x33 /usr/local/lpcxpresso_8.2.2_650/lpcxpresso/tools/bin/../lib/gcc/arm-none-eabi/5.4.1/../../../../arm-none-eabi/lib/armv7-m/libcr_c.a(setvbuf.o)
 .ARM.attributes
                0x0000042f       0x33 /usr/local/lpcxpresso_8.2.2_650/lpcxpresso/tools/bin/../lib/gcc/arm-none-eabi/5.4.1/../../../../arm-none-eabi/lib/armv7-m/libcr_c.a(stdio.o)
 .ARM.attributes
                0x00000462       0x33 /usr/local/lpcxpresso_8.2.2_650/lpcxpresso/tools/bin/../lib/gcc/arm-none-eabi/5.4.1/../../../../arm-none-eabi/lib/armv7-m/libcr_c.a(strlen.o)
 .ARM.attributes
                0x00000495       0x33 /usr/local/lpcxpresso_8.2.2_650/lpcxpresso/tools/bin/../lib/gcc/arm-none-eabi/5.4.1/../../../../arm-none-eabi/lib/armv7-m/libcr_c.a(memset.o)
 .ARM.attributes
                0x000004c8       0x33 /usr/local/lpcxpresso_8.2.2_650/lpcxpresso/tools/bin/../lib/gcc/arm-none-eabi/5.4.1/../../../../arm-none-eabi/lib/armv7-m/libcr_c.a(_deferredlazyseek.o)
 .ARM.attributes
                0x000004fb       0x33 /usr/local/lpcxpresso_8.2.2_650/lpcxpresso/tools/bin/../lib/gcc/arm-none-eabi/5.4.1/../../../../arm-none-eabi/lib/armv7-m/libcr_c.a(_fdopen.o)
 .ARM.attributes
                0x0000052e       0x33 /usr/local/lpcxpresso_8.2.2_650/lpcxpresso/tools/bin/../lib/gcc/arm-none-eabi/5.4.1/../../../../arm-none-eabi/lib/armv7-m/libcr_c.a(_fflush.o)
 .ARM.attributes
                0x00000561       0x33 /usr/local/lpcxpresso_8.2.2_650/lpcxpresso/tools/bin/../lib/gcc/arm-none-eabi/5.4.1/../../../../arm-none-eabi/lib/armv7-m/libcr_c.a(_frexpl.o)
 .ARM.attributes
                0x00000594       0x33 /usr/local/lpcxpresso_8.2.2_650/lpcxpresso/tools/bin/../lib/gcc/arm-none-eabi/5.4.1/../../../../arm-none-eabi/lib/armv7-m/libcr_c.a(_ldexpl.o)
 .ARM.attributes
                0x000005c7       0x33 /usr/local/lpcxpresso_8.2.2_650/lpcxpresso/tools/bin/../lib/gcc/arm-none-eabi/5.4.1/../../../../arm-none-eabi/lib/armv7-m/libcr_c.a(_writebuf.o)
 .ARM.attributes
                0x000005fa       0x33 /usr/local/lpcxpresso_8.2.2_650/lpcxpresso/tools/bin/../lib/gcc/arm-none-eabi/5.4.1/../../../../arm-none-eabi/lib/armv7-m/libcr_c.a(alloc.o)
 .ARM.attributes
                0x0000062d       0x33 /usr/local/lpcxpresso_8.2.2_650/lpcxpresso/tools/bin/../lib/gcc/arm-none-eabi/5.4.1/../../../../arm-none-eabi/lib/armv7-m/libcr_c.a(errno.o)
 .ARM.attributes
                0x00000660       0x33 /usr/local/lpcxpresso_8.2.2_650/lpcxpresso/tools/bin/../lib/gcc/arm-none-eabi/5.4.1/../../../../arm-none-eabi/lib/armv7-m/libcr_c.a(fclose.o)
 .ARM.attributes
                0x00000693       0x33 /usr/local/lpcxpresso_8.2.2_650/lpcxpresso/tools/bin/../lib/gcc/arm-none-eabi/5.4.1/../../../../arm-none-eabi/lib/armv7-m/libcr_c.a(fflush.o)
 .ARM.attributes
                0x000006c6       0x33 /usr/local/lpcxpresso_8.2.2_650/lpcxpresso/tools/bin/../lib/gcc/arm-none-eabi/5.4.1/../../../../arm-none-eabi/lib/armv7-m/libcr_c.a(fseek.o)
 .ARM.attributes
                0x000006f9       0x33 /usr/local/lpcxpresso_8.2.2_650/lpcxpresso/tools/bin/../lib/gcc/arm-none-eabi/5.4.1/../../../../arm-none-eabi/lib/armv7-m/libcr_c.a(ftell.o)
 .ARM.attributes
                0x0000072c       0x33 /usr/local/lpcxpresso_8.2.2_650/lpcxpresso/tools/bin/../lib/gcc/arm-none-eabi/5.4.1/../../../../arm-none-eabi/lib/armv7-m/libcr_c.a(remove.o)
 .ARM.attributes
                0x0000075f       0x33 /usr/local/lpcxpresso_8.2.2_650/lpcxpresso/tools/bin/../lib/gcc/arm-none-eabi/5.4.1/../../../../arm-none-eabi/lib/armv7-m/libcr_c.a(__init_alloc.o)
 .ARM.attributes
                0x00000792       0x33 /usr/local/lpcxpresso_8.2.2_650/lpcxpresso/tools/bin/../lib/gcc/arm-none-eabi/5.4.1/../../../../arm-none-eabi/lib/armv7-m/libcr_c.a(_cr_sbrk.o)
 .ARM.attributes
                0x000007c5       0x33 /usr/local/lpcxpresso_8.2.2_650/lpcxpresso/tools/bin/../lib/gcc/arm-none-eabi/5.4.1/../../../../arm-none-eabi/lib/armv7-m/libcr_c.a(_do_fflush.o)
 .ARM.attributes
                0x000007f8       0x33 /usr/local/lpcxpresso_8.2.2_650/lpcxpresso/tools/bin/../lib/gcc/arm-none-eabi/5.4.1/../../../../arm-none-eabi/lib/armv7-m/libcr_c.a(_hugeval.o)
 .ARM.attributes
                0x0000082b       0x33 /usr/local/lpcxpresso_8.2.2_650/lpcxpresso/tools/bin/../lib/gcc/arm-none-eabi/5.4.1/../../../../arm-none-eabi/lib/armv7-m/libcr_c.a(_cr_check_heap.o)
 .ARM.attributes
                0x0000085e       0x33 /usr/local/lpcxpresso_8.2.2_650/lpcxpresso/tools/bin/../lib/gcc/arm-none-eabi/5.4.1/armv7-m/libcr_eabihelpers.a(double.o)
 .ARM.attributes
                0x00000891       0x21 /usr/local/lpcxpresso_8.2.2_650/lpcxpresso/tools/bin/../lib/gcc/arm-none-eabi/5.4.1/armv7-m/libcr_eabihelpers.a(memcpy.o)
 .ARM.attributes
                0x000008b2       0x33 /usr/local/lpcxpresso_8.2.2_650/lpcxpresso/tools/bin/../lib/gcc/arm-none-eabi/5.4.1/../../../../arm-none-eabi/lib/armv7-m/libcr_nohost.a(__sys_appexit.o)
 .ARM.attributes
                0x000008e5       0x33 /usr/local/lpcxpresso_8.2.2_650/lpcxpresso/tools/bin/../lib/gcc/arm-none-eabi/5.4.1/../../../../arm-none-eabi/lib/armv7-m/libcr_nohost.a(__sys_close.o)
 .ARM.attributes
                0x00000918       0x33 /usr/local/lpcxpresso_8.2.2_650/lpcxpresso/tools/bin/../lib/gcc/arm-none-eabi/5.4.1/../../../../arm-none-eabi/lib/armv7-m/libcr_nohost.a(__sys_flen.o)
 .ARM.attributes
                0x0000094b       0x33 /usr/local/lpcxpresso_8.2.2_650/lpcxpresso/tools/bin/../lib/gcc/arm-none-eabi/5.4.1/../../../../arm-none-eabi/lib/armv7-m/libcr_nohost.a(__sys_istty.o)
 .ARM.attributes
                0x0000097e       0x33 /usr/local/lpcxpresso_8.2.2_650/lpcxpresso/tools/bin/../lib/gcc/arm-none-eabi/5.4.1/../../../../arm-none-eabi/lib/armv7-m/libcr_nohost.a(__sys_remove.o)
 .ARM.attributes
                0x000009b1       0x33 /usr/local/lpcxpresso_8.2.2_650/lpcxpresso/tools/bin/../lib/gcc/arm-none-eabi/5.4.1/../../../../arm-none-eabi/lib/armv7-m/libcr_nohost.a(__sys_seek.o)
 .ARM.attributes
                0x000009e4       0x33 /usr/local/lpcxpresso_8.2.2_650/lpcxpresso/tools/bin/../lib/gcc/arm-none-eabi/5.4.1/../../../../arm-none-eabi/lib/armv7-m/libcr_nohost.a(__sys_tmpnam.o)
 .ARM.attributes
                0x00000a17       0x33 /usr/local/lpcxpresso_8.2.2_650/lpcxpresso/tools/bin/../lib/gcc/arm-none-eabi/5.4.1/../../../../arm-none-eabi/lib/armv7-m/libcr_nohost.a(__sys_write.o)

.debug_frame    0x00000000      0x854
 .debug_frame   0x00000000       0x34 ./primitivas/src/PR_LCD.o
 .debug_frame   0x00000034       0xd0 ./primitivas/src/PR_Serie.o
 .debug_frame   0x00000104       0x94 ./drivers_lpc1769/src/FW_ADC.o
 .debug_frame   0x00000198       0xbc ./drivers_lpc1769/src/FW_EXTINT.o
 .debug_frame   0x00000254       0x88 ./drivers_lpc1769/src/FW_GPIO.o
 .debug_frame   0x000002dc       0x88 ./drivers_lpc1769/src/FW_PINSEL.o
 .debug_frame   0x00000364       0x54 ./drivers_lpc1769/src/FW_SysTick.o
 .debug_frame   0x000003b8       0x74 ./drivers_lpc1769/src/FW_UART.o
 .debug_frame   0x0000042c      0x170 ./drivers_lpc1769/src/cr_startup_lpc175x_6x.o
 .debug_frame   0x0000059c       0x98 ./drivers_infotronic/src/FW_IO.o
 .debug_frame   0x00000634       0x4c ./drivers_infotronic/src/FW_Init.o
 .debug_frame   0x00000680       0xc4 ./drivers_infotronic/src/FW_LCD.o
 .debug_frame   0x00000744       0x94 ./drivers_infotronic/src/FW_Teclado.o
 .debug_frame   0x000007d8       0x50 ./aplicacion/src/AP_Controlador.o
 .debug_frame   0x00000828       0x2c ./aplicacion/src/main.o
